2025-07-07 23:04:37 INFO  c.s.N.NewsAggrigationApplication - Starting NewsAggrigationApplication using Java 22.0.1 with PID 23892 (D:\gitMajorProject\L-C-FinalProject\NewAggrigationServer\target\classes started by prashant.s in D:\gitMajorProject\L-C-FinalProject\NewAggrigationServer)
2025-07-07 23:04:37 INFO  c.s.N.NewsAggrigationApplication - No active profile set, falling back to 1 default profile: "default"
2025-07-07 23:04:40 INFO  o.s.d.r.c.RepositoryConfigurationDelegate - Multiple Spring Data modules found, entering strict repository configuration mode
2025-07-07 23:04:40 INFO  o.s.d.r.c.RepositoryConfigurationDelegate - Bootstrapping Spring Data JDBC repositories in DEFAULT mode.
2025-07-07 23:04:40 INFO  o.s.d.r.c.RepositoryConfigurationExtensionSupport - Spring Data JDBC - Could not safely identify store assignment for repository candidate interface com.server.NewsAggrigationServer.repository.CategoryKeywordRepository; If you want this repository to be a JDBC repository, consider annotating your entities with one of these annotations: org.springframework.data.relational.core.mapping.Table.
2025-07-07 23:04:40 INFO  o.s.d.r.c.RepositoryConfigurationExtensionSupport - Spring Data JDBC - Could not safely identify store assignment for repository candidate interface com.server.NewsAggrigationServer.repository.CategoryRepository; If you want this repository to be a JDBC repository, consider annotating your entities with one of these annotations: org.springframework.data.relational.core.mapping.Table.
2025-07-07 23:04:40 INFO  o.s.d.r.c.RepositoryConfigurationExtensionSupport - Spring Data JDBC - Could not safely identify store assignment for repository candidate interface com.server.NewsAggrigationServer.repository.ExternalNewsSourceRepository; If you want this repository to be a JDBC repository, consider annotating your entities with one of these annotations: org.springframework.data.relational.core.mapping.Table.
2025-07-07 23:04:40 INFO  o.s.d.r.c.RepositoryConfigurationExtensionSupport - Spring Data JDBC - Could not safely identify store assignment for repository candidate interface com.server.NewsAggrigationServer.repository.KeywordRepository; If you want this repository to be a JDBC repository, consider annotating your entities with one of these annotations: org.springframework.data.relational.core.mapping.Table.
2025-07-07 23:04:40 INFO  o.s.d.r.c.RepositoryConfigurationExtensionSupport - Spring Data JDBC - Could not safely identify store assignment for repository candidate interface com.server.NewsAggrigationServer.repository.NewsCategoryRepository; If you want this repository to be a JDBC repository, consider annotating your entities with one of these annotations: org.springframework.data.relational.core.mapping.Table.
2025-07-07 23:04:40 INFO  o.s.d.r.c.RepositoryConfigurationExtensionSupport - Spring Data JDBC - Could not safely identify store assignment for repository candidate interface com.server.NewsAggrigationServer.repository.NewsLikeDislikeUserRepository; If you want this repository to be a JDBC repository, consider annotating your entities with one of these annotations: org.springframework.data.relational.core.mapping.Table.
2025-07-07 23:04:40 INFO  o.s.d.r.c.RepositoryConfigurationExtensionSupport - Spring Data JDBC - Could not safely identify store assignment for repository candidate interface com.server.NewsAggrigationServer.repository.NewsRepository; If you want this repository to be a JDBC repository, consider annotating your entities with one of these annotations: org.springframework.data.relational.core.mapping.Table.
2025-07-07 23:04:40 INFO  o.s.d.r.c.RepositoryConfigurationExtensionSupport - Spring Data JDBC - Could not safely identify store assignment for repository candidate interface com.server.NewsAggrigationServer.repository.NotificationConfigurationRepository; If you want this repository to be a JDBC repository, consider annotating your entities with one of these annotations: org.springframework.data.relational.core.mapping.Table.
2025-07-07 23:04:40 INFO  o.s.d.r.c.RepositoryConfigurationExtensionSupport - Spring Data JDBC - Could not safely identify store assignment for repository candidate interface com.server.NewsAggrigationServer.repository.NotificationRepository; If you want this repository to be a JDBC repository, consider annotating your entities with one of these annotations: org.springframework.data.relational.core.mapping.Table.
2025-07-07 23:04:40 INFO  o.s.d.r.c.RepositoryConfigurationExtensionSupport - Spring Data JDBC - Could not safely identify store assignment for repository candidate interface com.server.NewsAggrigationServer.repository.SavedNewsRepository; If you want this repository to be a JDBC repository, consider annotating your entities with one of these annotations: org.springframework.data.relational.core.mapping.Table.
2025-07-07 23:04:40 INFO  o.s.d.r.c.RepositoryConfigurationExtensionSupport - Spring Data JDBC - Could not safely identify store assignment for repository candidate interface com.server.NewsAggrigationServer.repository.UserNewsReportRepository; If you want this repository to be a JDBC repository, consider annotating your entities with one of these annotations: org.springframework.data.relational.core.mapping.Table.
2025-07-07 23:04:40 INFO  o.s.d.r.c.RepositoryConfigurationExtensionSupport - Spring Data JDBC - Could not safely identify store assignment for repository candidate interface com.server.NewsAggrigationServer.repository.UserReadingHistoryRepository; If you want this repository to be a JDBC repository, consider annotating your entities with one of these annotations: org.springframework.data.relational.core.mapping.Table.
2025-07-07 23:04:40 INFO  o.s.d.r.c.RepositoryConfigurationExtensionSupport - Spring Data JDBC - Could not safely identify store assignment for repository candidate interface com.server.NewsAggrigationServer.repository.UserRepository; If you want this repository to be a JDBC repository, consider annotating your entities with one of these annotations: org.springframework.data.relational.core.mapping.Table.
2025-07-07 23:04:40 INFO  o.s.d.r.c.RepositoryConfigurationDelegate - Finished Spring Data repository scanning in 223 ms. Found 0 JDBC repository interfaces.
2025-07-07 23:04:40 INFO  o.s.d.r.c.RepositoryConfigurationDelegate - Multiple Spring Data modules found, entering strict repository configuration mode
2025-07-07 23:04:40 INFO  o.s.d.r.c.RepositoryConfigurationDelegate - Bootstrapping Spring Data JPA repositories in DEFAULT mode.
2025-07-07 23:04:40 INFO  o.s.d.r.c.RepositoryConfigurationDelegate - Finished Spring Data repository scanning in 207 ms. Found 13 JPA repository interfaces.
2025-07-07 23:04:42 INFO  o.s.b.w.e.tomcat.TomcatWebServer - Tomcat initialized with port 8081 (http)
2025-07-07 23:04:42 INFO  o.a.coyote.http11.Http11NioProtocol - Initializing ProtocolHandler ["http-nio-8081"]
2025-07-07 23:04:42 INFO  o.a.catalina.core.StandardService - Starting service [Tomcat]
2025-07-07 23:04:42 INFO  o.a.catalina.core.StandardEngine - Starting Servlet engine: [Apache Tomcat/10.1.41]
2025-07-07 23:04:42 INFO  o.a.c.c.C.[Tomcat].[localhost].[/] - Initializing Spring embedded WebApplicationContext
2025-07-07 23:04:42 INFO  o.s.b.w.s.c.ServletWebServerApplicationContext - Root WebApplicationContext: initialization completed in 4616 ms
2025-07-07 23:04:43 INFO  o.h.jpa.internal.util.LogHelper - HHH000204: Processing PersistenceUnitInfo [name: default]
2025-07-07 23:04:43 INFO  org.hibernate.Version - HHH000412: Hibernate ORM core version 6.6.15.Final
2025-07-07 23:04:43 INFO  o.h.c.i.RegionFactoryInitiator - HHH000026: Second-level cache disabled
2025-07-07 23:04:45 INFO  o.s.o.j.p.SpringPersistenceUnitInfo - No LoadTimeWeaver setup: ignoring JPA class transformer
2025-07-07 23:04:45 INFO  com.zaxxer.hikari.HikariDataSource - HikariPool-1 - Starting...
2025-07-07 23:04:46 INFO  com.zaxxer.hikari.pool.HikariPool - HikariPool-1 - Added connection com.mysql.cj.jdbc.ConnectionImpl@e4b54d3
2025-07-07 23:04:46 INFO  com.zaxxer.hikari.HikariDataSource - HikariPool-1 - Start completed.
2025-07-07 23:04:46 WARN  org.hibernate.orm.deprecation - HHH90000025: MySQL8Dialect does not need to be specified explicitly using 'hibernate.dialect' (remove the property setting and it will be selected by default)
2025-07-07 23:04:46 WARN  org.hibernate.orm.deprecation - HHH90000026: MySQL8Dialect has been deprecated; use org.hibernate.dialect.MySQLDialect instead
2025-07-07 23:04:46 INFO  o.hibernate.orm.connections.pooling - HHH10001005: Database info:
	Database JDBC URL [Connecting through datasource 'HikariDataSource (HikariPool-1)']
	Database driver: undefined/unknown
	Database version: 8.0
	Autocommit mode: undefined/unknown
	Isolation level: undefined/unknown
	Minimum pool size: undefined/unknown
	Maximum pool size: undefined/unknown
2025-07-07 23:04:48 INFO  o.h.e.t.j.p.i.JtaPlatformInitiator - HHH000489: No JTA platform available (set 'hibernate.transaction.jta.platform' to enable JTA platform integration)
2025-07-07 23:04:48 INFO  o.s.o.j.LocalContainerEntityManagerFactoryBean - Initialized JPA EntityManagerFactory for persistence unit 'default'
2025-07-07 23:04:49 INFO  o.s.d.j.r.query.QueryEnhancerFactory - Hibernate is in classpath; If applicable, HQL parser will be used.
2025-07-07 23:04:52 WARN  o.s.b.a.o.j.JpaBaseConfiguration$JpaWebConfiguration - spring.jpa.open-in-view is enabled by default. Therefore, database queries may be performed during view rendering. Explicitly configure spring.jpa.open-in-view to disable this warning
2025-07-07 23:04:53 INFO  o.a.coyote.http11.Http11NioProtocol - Starting ProtocolHandler ["http-nio-8081"]
2025-07-07 23:04:53 INFO  o.s.b.w.e.tomcat.TomcatWebServer - Tomcat started on port 8081 (http) with context path '/'
2025-07-07 23:04:53 INFO  c.s.N.NewsAggrigationApplication - Started NewsAggrigationApplication in 17.632 seconds (process running for 19.403)
2025-07-07 23:04:53 INFO  c.s.N.E.s.impl.NewsSyncServiceImpl - Starting news synchronization
2025-07-07 23:04:53 INFO  c.s.N.s.i.ExternalNewsSourceServiceImpl - Fetching news sources by sourceName: News API
2025-07-07 23:04:54 INFO  c.s.N.s.i.ExternalNewsSourceServiceImpl - Fetched 1 news sources for sourceName News API
2025-07-07 23:04:55 INFO  c.s.N.s.i.ExternalNewsSourceServiceImpl - Saving external news source: ExternalNewsSourceDTO{id=2, sourceName='News API', apiKey='20d9c0aa6c4f4fb182e11eea7bb44f49', baseUrl='https://newsapi.org/v2/top-headlines?country=us', status=1, lastAccessed=2025-07-07T23:04:55.437298800}
2025-07-07 23:04:55 INFO  c.s.N.s.i.ExternalNewsSourceServiceImpl - External news source saved successfully: News API
2025-07-07 23:04:55 INFO  c.s.N.s.i.ExternalNewsSourceServiceImpl - Fetching news sources by sourceName: The News API
2025-07-07 23:04:55 INFO  c.s.N.s.i.ExternalNewsSourceServiceImpl - Fetched 1 news sources for sourceName The News API
2025-07-07 23:05:04 INFO  c.s.N.s.i.ExternalNewsSourceServiceImpl - Saving external news source: ExternalNewsSourceDTO{id=1, sourceName='The News API', apiKey='xFw2HzwoPJCjwF5CKJCVd86oItVcTOvrW5HjyX5j', baseUrl='https://api.thenewsapi.com/v1/news/all?language=en', status=1, lastAccessed=2025-07-07T23:05:04.674297400}
2025-07-07 23:05:04 INFO  c.s.N.s.i.ExternalNewsSourceServiceImpl - External news source saved successfully: The News API
2025-07-07 23:05:04 INFO  c.s.N.E.s.impl.NewsSyncServiceImpl - News synchronization completed successfully
2025-07-07 23:05:21 INFO  o.a.c.c.C.[Tomcat].[localhost].[/] - Initializing Spring DispatcherServlet 'dispatcherServlet'
2025-07-07 23:05:21 INFO  o.s.web.servlet.DispatcherServlet - Initializing Servlet 'dispatcherServlet'
2025-07-07 23:05:21 INFO  o.s.web.servlet.DispatcherServlet - Completed initialization in 1 ms
2025-07-07 23:05:21 INFO  c.s.N.service.impl.LoginServiceImpl - Login attempt for username: yuvraj
2025-07-07 23:05:21 INFO  c.s.N.service.impl.LoginServiceImpl - Login successful for username: yuvraj
2025-07-07 23:05:24 INFO  c.s.N.s.impl.CategoryServiceImpl - Fetching all visible categories
2025-07-07 23:05:24 INFO  c.s.N.s.impl.CategoryServiceImpl - Fetched 10 visible categories
2025-07-07 23:05:27 INFO  c.s.N.s.impl.CategoryServiceImpl - Fetching visible categories by ids: [2, 5, 3]
2025-07-07 23:05:27 INFO  c.s.N.s.impl.CategoryServiceImpl - Fetched 3 visible categories for ids [2, 5, 3]
